../eiq/tensorflow-lite/tensorflow/lite/c/common.c:24:8:TfLiteIntArrayGetSizeInBytes	0	static
../eiq/tensorflow-lite/tensorflow/lite/c/common.c:35:5:TfLiteIntArrayEqual	8	static
../eiq/tensorflow-lite/tensorflow/lite/c/common.c:41:5:TfLiteIntArrayEqualsArray	8	static
../eiq/tensorflow-lite/tensorflow/lite/c/common.c:75:5:TfLiteFloatArrayGetSizeInBytes	0	static
../eiq/tensorflow-lite/tensorflow/lite/c/common.c:226:13:TfLiteTypeGetName	0	static
../eiq/tensorflow-lite/tensorflow/lite/c/common.c:268:16:TfLiteDelegateCreate	8	static
