../eiq/tensorflow-lite/tensorflow/lite/kernels/internal/quantization_util.cpp:53:6:void tflite::QuantizeMultiplier(double, int32_t*, int*)	16	static
../eiq/tensorflow-lite/tensorflow/lite/kernels/internal/quantization_util.cpp:106:6:void tflite::QuantizeMultiplierGreaterThanOne(double, int32_t*, int*)	16	static
../eiq/tensorflow-lite/tensorflow/lite/kernels/internal/quantization_util.cpp:114:6:void tflite::QuantizeMultiplierSmallerThanOneExp(double, int32_t*, int*)	24	static
../eiq/tensorflow-lite/tensorflow/lite/kernels/internal/quantization_util.cpp:125:9:int64_t tflite::IntegerFrExp(double, int*)	0	static
../eiq/tensorflow-lite/tensorflow/lite/kernels/internal/quantization_util.cpp:191:8:double tflite::DoubleFromFractionAndShift(int64_t, int)	12	static
../eiq/tensorflow-lite/tensorflow/lite/kernels/internal/quantization_util.cpp:238:8:double tflite::IntegerDoubleMultiply(double, double)	20	static
../eiq/tensorflow-lite/tensorflow/lite/kernels/internal/quantization_util.cpp:253:5:int tflite::IntegerDoubleCompare(double, double)	12	static
../eiq/tensorflow-lite/tensorflow/lite/kernels/internal/quantization_util.cpp:282:6:void tflite::PreprocessSoftmaxScaling(double, double, int, int32_t*, int*)	16	static
../eiq/tensorflow-lite/tensorflow/lite/kernels/internal/quantization_util.cpp:321:6:void tflite::PreprocessLogSoftmaxScalingExp(double, double, int, int32_t*, int*, int32_t*, int*)	24	static
../eiq/tensorflow-lite/tensorflow/lite/kernels/internal/quantization_util.cpp:338:5:int tflite::CalculateInputRadius(int, int, int)	24	static
../eiq/tensorflow-lite/tensorflow/lite/kernels/internal/quantization_util.cpp:357:6:void tflite::NudgeQuantizationRange(float, float, int, int, float*, float*, float*)	8	static
../eiq/tensorflow-lite/tensorflow/lite/kernels/internal/quantization_util.cpp:378:6:void tflite::FakeQuantizeArray(float, float, float, const float*, float*, float)	0	static
../eiq/tensorflow-lite/tensorflow/lite/kernels/internal/quantization_util.cpp:395:6:bool tflite::CheckedLog2(float, int*)	8	static
../eiq/tensorflow-lite/tensorflow/lite/kernels/internal/quantization_util.cpp:407:6:void tflite::QuantizeMultiplierArray(const double*, size_t, int32_t*, int*)	40	static
