../eiq/tensorflow-lite/tensorflow/lite/micro/kernels/cmsis_nn/conv.cpp:41:7:void* tflite::{anonymous}::Init(TfLiteContext*, const char*, size_t)	0	static
../eiq/tensorflow-lite/tensorflow/lite/micro/kernels/cmsis_nn/conv.cpp:46:14:TfLiteStatus tflite::{anonymous}::Prepare(TfLiteContext*, TfLiteNode*)	224	static
../eiq/tensorflow-lite/tensorflow/lite/micro/kernels/cmsis_nn/conv.cpp:235:14:TfLiteStatus tflite::{anonymous}::Eval(TfLiteContext*, TfLiteNode*)	536	static
../eiq/tensorflow-lite/tensorflow/lite/micro/kernels/cmsis_nn/conv.cpp:304:20:TfLiteRegistration tflite::Register_CONV_2D()	8	static
