../eiq/tensorflow-lite/tensorflow/lite/micro/kernels/cmsis_nn/depthwise_conv.cpp:41:7:void* tflite::{anonymous}::Init(TfLiteContext*, const char*, size_t)	0	static
../eiq/tensorflow-lite/tensorflow/lite/micro/kernels/cmsis_nn/depthwise_conv.cpp:46:14:TfLiteStatus tflite::{anonymous}::Prepare(TfLiteContext*, TfLiteNode*)	280	static
../eiq/tensorflow-lite/tensorflow/lite/micro/kernels/cmsis_nn/depthwise_conv.cpp:248:14:TfLiteStatus tflite::{anonymous}::Eval(TfLiteContext*, TfLiteNode*)	480	static
../eiq/tensorflow-lite/tensorflow/lite/micro/kernels/cmsis_nn/depthwise_conv.cpp:295:20:TfLiteRegistration tflite::Register_DEPTHWISE_CONV_2D()	8	static
