../eiq/tensorflow-lite/tensorflow/lite/micro/kernels/cmsis_nn/mul.cpp:31:6:void tflite::{anonymous}::EvalQuantized(TfLiteContext*, TfLiteNode*, const tflite::OpDataMul*, const TfLiteEvalTensor*, const TfLiteEvalTensor*, TfLiteEvalTensor*)	592	static
../eiq/tensorflow-lite/tensorflow/lite/micro/kernels/cmsis_nn/mul.cpp:72:14:TfLiteStatus tflite::Eval(TfLiteContext*, TfLiteNode*)	48	static
../eiq/tensorflow-lite/tensorflow/lite/micro/kernels/cmsis_nn/mul.cpp:106:20:TfLiteRegistration tflite::Register_MUL()	8	static
