../eiq/tensorflow-lite/tensorflow/lite/micro/kernels/cmsis_nn/pooling.cpp:141:7:void* tflite::{anonymous}::Init(TfLiteContext*, const char*, size_t)	0	static
../eiq/tensorflow-lite/tensorflow/lite/micro/kernels/cmsis_nn/pooling.cpp:146:14:TfLiteStatus tflite::{anonymous}::MaxPrepare(TfLiteContext*, TfLiteNode*)	8	static
../eiq/tensorflow-lite/tensorflow/lite/micro/kernels/cmsis_nn/pooling.cpp:153:14:TfLiteStatus tflite::{anonymous}::AveragePrepare(TfLiteContext*, TfLiteNode*)	80	static
../eiq/tensorflow-lite/tensorflow/lite/micro/kernels/cmsis_nn/pooling.cpp:190:14:TfLiteStatus tflite::{anonymous}::AverageEval(TfLiteContext*, TfLiteNode*)	176	static
../eiq/tensorflow-lite/tensorflow/lite/micro/kernels/cmsis_nn/pooling.cpp:219:14:TfLiteStatus tflite::{anonymous}::MaxEval(TfLiteContext*, TfLiteNode*)	176	static
../eiq/tensorflow-lite/tensorflow/lite/micro/kernels/cmsis_nn/pooling.cpp:249:20:TfLiteRegistration tflite::Register_AVERAGE_POOL_2D()	8	static
../eiq/tensorflow-lite/tensorflow/lite/micro/kernels/cmsis_nn/pooling.cpp:260:20:TfLiteRegistration tflite::Register_MAX_POOL_2D()	8	static
