../eiq/tensorflow-lite/tensorflow/lite/micro/kernels/cmsis_nn/softmax.cpp:94:20:TfLiteRegistration tflite::Register_SOFTMAX()	8	static
D:\Masterproef_code\dice_classifier_embedded_code\eiq\tensorflow-lite\third_party\gemmlowp/fixedpoint/fixedpoint.h:842:25:gemmlowp::FixedPoint<tRawType, 0> gemmlowp::one_over_one_plus_x_for_x_in_0_1(gemmlowp::FixedPoint<tRawType, 0>) [with tRawType = long int]	16	static
D:\Masterproef_code\dice_classifier_embedded_code\eiq\tensorflow-lite\third_party\gemmlowp/fixedpoint/fixedpoint.h:721:25:gemmlowp::FixedPoint<tRawType, 0> gemmlowp::exp_on_interval_between_negative_one_quarter_and_0_excl(gemmlowp::FixedPoint<tRawType, 0>) [with tRawType = long int]	16	static
D:\Masterproef_code\dice_classifier_embedded_code\eiq\tensorflow-lite\third_party\gemmlowp/fixedpoint/fixedpoint.h:746:25:gemmlowp::FixedPoint<tRawType, 0> gemmlowp::exp_on_negative_values(gemmlowp::FixedPoint<tRawType, tIntegerBits_a>) [with tRawType = long int; int tIntegerBits = 5]	16	static
../eiq/tensorflow-lite/tensorflow/lite/micro/kernels/cmsis_nn/softmax.cpp:63:14:TfLiteStatus tflite::{anonymous}::SoftmaxEval(TfLiteContext*, TfLiteNode*)	208	static
