../board/board.c:25:10:BOARD_DebugConsoleSrcFreq	8	static
../board/board.c:44:6:BOARD_InitDebugConsole	8	static
../board/board.c:52:6:BOARD_LPI2C_Init	48	static
../board/board.c:70:10:BOARD_LPI2C_Send	32	static
../board/board.c:90:10:BOARD_LPI2C_Receive	32	static
../board/board.c:110:10:BOARD_LPI2C_SendSCCB	32	static
../board/board.c:130:10:BOARD_LPI2C_ReceiveSCCB	40	static
../board/board.c:163:6:BOARD_Accel_I2C_Init	40	static
../board/board.c:168:10:BOARD_Accel_I2C_Send	48	static
../board/board.c:175:10:BOARD_Accel_I2C_Receive	32	static
../board/board.c:181:6:BOARD_Codec_I2C_Init	40	static
../board/board.c:186:10:BOARD_Codec_I2C_Send	32	static
../board/board.c:193:10:BOARD_Codec_I2C_Receive	32	static
../board/board.c:199:6:BOARD_Camera_I2C_Init	40	static
../board/board.c:206:10:BOARD_Camera_I2C_Send	32	static
../board/board.c:213:10:BOARD_Camera_I2C_Receive	32	static
../board/board.c:220:10:BOARD_Camera_I2C_SendSCCB	32	static
../board/board.c:227:10:BOARD_Camera_I2C_ReceiveSCCB	40	static
../board/board.c:234:10:BOARD_Touch_I2C_Send	32	static
../board/board.c:241:10:BOARD_Touch_I2C_Receive	32	static
../board/board.c:249:6:BOARD_ConfigMPU	32	static
