../eiq/tensorflow-lite/tensorflow/lite/micro/kernels/activations.cpp:32:7:void* tflite::{anonymous}::ReluInit(TfLiteContext*, const char*, size_t)	0	static
../eiq/tensorflow-lite/tensorflow/lite/micro/kernels/activations.cpp:70:7:void* tflite::{anonymous}::Relu6Init(TfLiteContext*, const char*, size_t)	0	static
../eiq/tensorflow-lite/tensorflow/lite/micro/kernels/activations.cpp:37:14:TfLiteStatus tflite::{anonymous}::ReluEval(TfLiteContext*, TfLiteNode*)	88	static
../eiq/tensorflow-lite/tensorflow/lite/micro/kernels/activations.cpp:75:14:TfLiteStatus tflite::{anonymous}::Relu6Eval(TfLiteContext*, TfLiteNode*)	96	static
../eiq/tensorflow-lite/tensorflow/lite/micro/kernels/activations.cpp:111:20:TfLiteRegistration tflite::Register_RELU()	8	static
../eiq/tensorflow-lite/tensorflow/lite/micro/kernels/activations.cpp:122:20:TfLiteRegistration tflite::Register_RELU6()	8	static
