../eiq/tensorflow-lite/tensorflow/lite/micro/kernels/call_once.cpp:39:7:void* tflite::{anonymous}::Init(TfLiteContext*, const char*, size_t)	0	static
../eiq/tensorflow-lite/tensorflow/lite/micro/kernels/call_once.cpp:44:14:TfLiteStatus tflite::{anonymous}::Prepare(TfLiteContext*, TfLiteNode*)	24	static
../eiq/tensorflow-lite/tensorflow/lite/micro/kernels/call_once.cpp:63:14:TfLiteStatus tflite::{anonymous}::Eval(TfLiteContext*, TfLiteNode*)	8	static
../eiq/tensorflow-lite/tensorflow/lite/micro/kernels/call_once.cpp:84:20:TfLiteRegistration tflite::Register_CALL_ONCE()	8	static
