../eiq/tensorflow-lite/tensorflow/lite/micro/kernels/elu.cpp:108:7:void* tflite::{anonymous}::EluInit(TfLiteContext*, const char*, size_t)	0	static
../eiq/tensorflow-lite/tensorflow/lite/micro/kernels/elu.cpp:120:14:TfLiteStatus tflite::{anonymous}::EluEval(TfLiteContext*, TfLiteNode*)	72	static
../eiq/tensorflow-lite/tensorflow/lite/micro/kernels/elu.cpp:116:14:TfLiteStatus tflite::{anonymous}::EluPrepare(TfLiteContext*, TfLiteNode*)	56	static
../eiq/tensorflow-lite/tensorflow/lite/micro/kernels/elu.cpp:148:20:TfLiteRegistration tflite::Register_ELU()	8	static
