../eiq/tensorflow-lite/tensorflow/lite/micro/kernels/l2norm.cpp:80:7:void* tflite::ops::micro::l2norm::Init(TfLiteContext*, const char*, size_t)	0	static
../eiq/tensorflow-lite/tensorflow/lite/micro/kernels/l2norm.cpp:41:14:TfLiteStatus tflite::ops::micro::l2norm::Prepare(TfLiteContext*, TfLiteNode*)	56	static
../eiq/tensorflow-lite/tensorflow/lite/micro/kernels/l2norm.cpp:86:14:TfLiteStatus tflite::ops::micro::l2norm::Eval(TfLiteContext*, TfLiteNode*)	144	static
../eiq/tensorflow-lite/tensorflow/lite/micro/kernels/l2norm.cpp:139:20:TfLiteRegistration tflite::ops::micro::Register_L2NORM_REF()	8	static
../eiq/tensorflow-lite/tensorflow/lite/micro/kernels/l2norm.cpp:150:20:TfLiteRegistration tflite::ops::micro::Register_L2_NORMALIZATION()	8	static
