../eiq/tensorflow-lite/tensorflow/lite/micro/kernels/leaky_relu.cpp:48:7:void* tflite::LeakyReluInit(TfLiteContext*, const char*, size_t)	0	static
../eiq/tensorflow-lite/tensorflow/lite/micro/kernels/leaky_relu.cpp:90:20:TfLiteRegistration tflite::Register_LEAKY_RELU()	8	static
../eiq/tensorflow-lite/tensorflow/lite/micro/kernels/leaky_relu.cpp:30:6:void tflite::QuantizeLeakyRelu(const tflite::LeakyReluOpData&, const TfLiteEvalTensor*, TfLiteEvalTensor*) [with T = signed char]	136	static
../eiq/tensorflow-lite/tensorflow/lite/micro/kernels/leaky_relu.cpp:30:6:void tflite::QuantizeLeakyRelu(const tflite::LeakyReluOpData&, const TfLiteEvalTensor*, TfLiteEvalTensor*) [with T = short int]	136	static
../eiq/tensorflow-lite/tensorflow/lite/micro/kernels/leaky_relu.cpp:53:14:TfLiteStatus tflite::LeakyReluEval(TfLiteContext*, TfLiteNode*)	80	static
