../eiq/tensorflow-lite/tensorflow/lite/micro/kernels/logical.cpp:26:14:TfLiteStatus tflite::{anonymous}::LogicalOrEval(TfLiteContext*, TfLiteNode*)	0	static
../eiq/tensorflow-lite/tensorflow/lite/micro/kernels/logical.cpp:30:14:TfLiteStatus tflite::{anonymous}::LogicalAndEval(TfLiteContext*, TfLiteNode*)	0	static
../eiq/tensorflow-lite/tensorflow/lite/micro/kernels/logical.cpp:36:20:TfLiteRegistration tflite::Register_LOGICAL_OR()	8	static
../eiq/tensorflow-lite/tensorflow/lite/micro/kernels/logical.cpp:49:20:TfLiteRegistration tflite::Register_LOGICAL_AND()	8	static
