../eiq/tensorflow-lite/tensorflow/lite/micro/kernels/logistic.cpp:33:7:void* tflite::{anonymous}::LogisticInit(TfLiteContext*, const char*, size_t)	0	static
../eiq/tensorflow-lite/tensorflow/lite/micro/kernels/logistic.cpp:108:20:TfLiteRegistration tflite::Register_LOGISTIC()	8	static
D:\Masterproef_code\dice_classifier_embedded_code\eiq\tensorflow-lite\third_party\gemmlowp/fixedpoint/fixedpoint.h:842:25:gemmlowp::FixedPoint<tRawType, 0> gemmlowp::one_over_one_plus_x_for_x_in_0_1(gemmlowp::FixedPoint<tRawType, 0>) [with tRawType = long int]	16	static
D:\Masterproef_code\dice_classifier_embedded_code\eiq\tensorflow-lite\third_party\gemmlowp/fixedpoint/fixedpoint.h:721:25:gemmlowp::FixedPoint<tRawType, 0> gemmlowp::exp_on_interval_between_negative_one_quarter_and_0_excl(gemmlowp::FixedPoint<tRawType, 0>) [with tRawType = long int]	16	static
D:\Masterproef_code\dice_classifier_embedded_code\eiq\tensorflow-lite\third_party\gemmlowp/fixedpoint/fixedpoint.h:746:25:gemmlowp::FixedPoint<tRawType, 0> gemmlowp::exp_on_negative_values(gemmlowp::FixedPoint<tRawType, tIntegerBits_a>) [with tRawType = long int; int tIntegerBits = 4]	16	static
../eiq/tensorflow-lite/tensorflow/lite/micro/kernels/logistic.cpp:38:14:TfLiteStatus tflite::{anonymous}::LogisticEval(TfLiteContext*, TfLiteNode*)	144	static
