../eiq/tensorflow-lite/tensorflow/lite/micro/kernels/mirror_pad.cpp:164:7:void* tflite::{anonymous}::Init(TfLiteContext*, const char*, size_t)	0	static
../eiq/tensorflow-lite/tensorflow/lite/micro/kernels/mirror_pad.cpp:169:14:TfLiteStatus tflite::{anonymous}::Prepare(TfLiteContext*, TfLiteNode*)	48	static
../eiq/tensorflow-lite/tensorflow/lite/micro/kernels/mirror_pad.cpp:59:5:int tflite::{anonymous}::GetFlatIndex(int, int, const TfLiteEvalTensor*, const TfLiteIntArray*, int*, int*, int)	56	static
../eiq/tensorflow-lite/tensorflow/lite/micro/kernels/mirror_pad.cpp:103:14:TfLiteStatus tflite::{anonymous}::Eval(TfLiteContext*, TfLiteNode*)	64	static
../eiq/tensorflow-lite/tensorflow/lite/micro/kernels/mirror_pad.cpp:211:20:TfLiteRegistration tflite::Register_MIRROR_PAD()	8	static
