../eiq/tensorflow-lite/tensorflow/lite/micro/kernels/pad.cpp:40:7:void* tflite::ops::micro::pad::Init(TfLiteContext*, const char*, size_t)	0	static
../eiq/tensorflow-lite/tensorflow/lite/micro/kernels/pad.cpp:45:14:TfLiteStatus tflite::ops::micro::pad::Prepare(TfLiteContext*, TfLiteNode*)	136	static
../eiq/tensorflow-lite/tensorflow/lite/micro/kernels/pad.cpp:142:14:TfLiteStatus tflite::ops::micro::pad::Eval(TfLiteContext*, TfLiteNode*)	736	static
../eiq/tensorflow-lite/tensorflow/lite/micro/kernels/pad.cpp:225:20:TfLiteRegistration tflite::ops::micro::Register_PAD()	8	static
../eiq/tensorflow-lite/tensorflow/lite/micro/kernels/pad.cpp:237:20:TfLiteRegistration tflite::ops::micro::Register_PADV2()	8	static
