../eiq/tensorflow-lite/tensorflow/lite/micro/kernels/reshape.cpp:90:14:TfLiteStatus tflite::ops::micro::reshape::Eval(TfLiteContext*, TfLiteNode*)	24	static
../eiq/tensorflow-lite/tensorflow/lite/micro/kernels/reshape.cpp:35:14:TfLiteStatus tflite::ops::micro::reshape::ReshapeOutput(TfLiteContext*, TfLiteNode*)	48	static
../eiq/tensorflow-lite/tensorflow/lite/micro/kernels/reshape.cpp:83:14:TfLiteStatus tflite::ops::micro::reshape::Prepare(TfLiteContext*, TfLiteNode*)	40	static
../eiq/tensorflow-lite/tensorflow/lite/micro/kernels/reshape.cpp:112:20:TfLiteRegistration tflite::ops::micro::Register_RESHAPE()	8	static
