../eiq/tensorflow-lite/tensorflow/lite/micro/kernels/var_handle.cpp:39:7:void* tflite::{anonymous}::Init(TfLiteContext*, const char*, size_t)	0	static
../eiq/tensorflow-lite/tensorflow/lite/micro/kernels/var_handle.cpp:75:14:TfLiteStatus tflite::{anonymous}::Eval(TfLiteContext*, TfLiteNode*)	8	static
../eiq/tensorflow-lite/tensorflow/lite/micro/kernels/var_handle.cpp:44:14:TfLiteStatus tflite::{anonymous}::Prepare(TfLiteContext*, TfLiteNode*)	16	static
../eiq/tensorflow-lite/tensorflow/lite/micro/kernels/var_handle.cpp:89:20:TfLiteRegistration tflite::Register_VAR_HANDLE()	8	static
