../source/video/eiq_video_worker.c:75:13:isReady	0	static
../source/video/eiq_video_worker.c:86:13:notify	0	static
../source/video/eiq_video_worker.c:98:15:getResolution	16	static
../source/video/eiq_video_worker.c:119:17:getData	8	static
../source/video/eiq_video_worker.c:191:13:setReadyCallback	0	static
../source/video/eiq_video_worker.c:52:13:start	8	static
../source/video/eiq_video_worker.c:209:17:setCaptureWindowHeightRate	24	static
../source/video/eiq_video_worker.c:141:13:refresh	48	static
../source/video/eiq_video_worker.c:247:20:EIQ_InitVideoWorker	8	static
