../video/fsl_csi_camera_adapter.c:151:13:CSI_ADAPTER_Callback	4	static
../video/fsl_csi_camera_adapter.c:145:17:CSI_ADAPTER_GetFullBuffer	0	static
../video/fsl_csi_camera_adapter.c:139:17:CSI_ADAPTER_SubmitEmptyBuffer	0	static
../video/fsl_csi_camera_adapter.c:133:17:CSI_ADAPTER_Stop	0	static
../video/fsl_csi_camera_adapter.c:127:17:CSI_ADAPTER_Start	0	static
../video/fsl_csi_camera_adapter.c:120:17:CSI_ADAPTER_Deinit	8	static
../video/fsl_csi_camera_adapter.c:60:17:CSI_ADAPTER_Init	48	static
../video/fsl_csi_camera_adapter.c:170:17:CSI_ADAPTER_InitExt	40	static
